** Drc report for Macropad.kicad_pcb **
** Created on 2026-03-02T21:07:22-0500 **

** Found 0 DRC violations **

** Found 10 unconnected pads **
[unconnected_items]: Missing connection between items
    Local override; error
    @(84.0000 mm, -19.3700 mm): Track [LCD_MOSI] on F.Cu, length 31.0768 mm
    @(50.7300 mm, -24.0000 mm): PTH pad 3 [LCD_MOSI] of J302
[unconnected_items]: Missing connection between items
    Local override; error
    @(84.0000 mm, -20.6400 mm): Track [LCD_SCLK] on F.Cu, length 28.3895 mm
    @(48.1900 mm, -24.0000 mm): PTH pad 4 [LCD_SCLK] of J302
[unconnected_items]: Missing connection between items
    Local override; error
    @(55.8100 mm, -24.0000 mm): PTH pad 1 [3V3] of J302
    @(70.2500 mm, -11.5700 mm): Track [3V3] on F.Cu, length 25.3209 mm
[unconnected_items]: Missing connection between items
    Local override; error
    @(80.2500 mm, -9.0300 mm): Track [GND] on F.Cu, length 33.0988 mm
    @(53.2700 mm, -24.0000 mm): PTH pad 2 [GND] of J302
[unconnected_items]: Missing connection between items
    Local override; error
    @(38.7300 mm, -24.0000 mm): PTH pad 3 [LCD_RST] of J303
    @(94.0000 mm, -25.7200 mm): Track [LCD_RST] on F.Cu, length 52.7580 mm
[unconnected_items]: Missing connection between items
    Local override; error
    @(36.1900 mm, -24.0000 mm): PTH pad 4 [LCD_BL] of J303
    @(95.0000 mm, -26.9900 mm): Track [LCD_BL] on F.Cu, length 51.2772 mm
[unconnected_items]: Missing connection between items
    Local override; error
    @(67.8100 mm, -24.0000 mm): PTH pad 1 [TOUCH_SDA] of J304
    @(79.6950 mm, -14.1900 mm): Track [TOUCH_SDA] on F.Cu, length 21.8330 mm
[unconnected_items]: Missing connection between items
    Local override; error
    @(82.2350 mm, -19.2700 mm): Track [TOUCH_SCL] on F.Cu, length 17.6120 mm
    @(62.7300 mm, -24.0000 mm): PTH pad 3 [TOUCH_SCL] of J304
[unconnected_items]: Missing connection between items
    Local override; error
    @(84.0000 mm, -21.8100 mm): Track [SD_CS] on F.Cu, length 16.3374 mm
    @(60.1900 mm, -24.0000 mm): PTH pad 4 [SD_CS] of J304
[unconnected_items]: Missing connection between items
    Local override; error
    @(66.5000 mm, -24.0000 mm): Track [TOUCH_INT] on F.Cu, length 3.8500 mm
    @(57.6500 mm, -24.0000 mm): PTH pad 5 [TOUCH_INT] of J304

** Found 0 Footprint errors **

** End of Report **
