ERC report (2026-03-02T22:05:55-0500, Encoding UTF8)

***** Sheet /
[wire_dangling]: Wires not connected to anything
    ; error
    @(45.08 mm, 35.00 mm): Horizontal Wire, length 11.11 mm
[wire_dangling]: Wires not connected to anything
    ; error
    @(45.08 mm, 55.00 mm): Horizontal Wire, length 11.11 mm
[wire_dangling]: Wires not connected to anything
    ; error
    @(45.08 mm, 75.00 mm): Horizontal Wire, length 11.11 mm
[wire_dangling]: Wires not connected to anything
    ; error
    @(80.08 mm, 55.00 mm): Horizontal Wire, length 11.11 mm
[wire_dangling]: Wires not connected to anything
    ; error
    @(45.08 mm, 95.00 mm): Horizontal Wire, length 11.11 mm
[wire_dangling]: Wires not connected to anything
    ; error
    @(80.08 mm, 75.00 mm): Horizontal Wire, length 11.11 mm
[wire_dangling]: Wires not connected to anything
    ; error
    @(45.08 mm, 115.00 mm): Horizontal Wire, length 11.11 mm
[wire_dangling]: Wires not connected to anything
    ; error
    @(80.08 mm, 95.00 mm): Horizontal Wire, length 11.11 mm
[wire_dangling]: Wires not connected to anything
    ; error
    @(115.08 mm, 55.00 mm): Horizontal Wire, length 11.11 mm
[wire_dangling]: Wires not connected to anything
    ; error
    @(115.08 mm, 75.00 mm): Horizontal Wire, length 11.11 mm
[wire_dangling]: Wires not connected to anything
    ; error
    @(80.08 mm, 115.00 mm): Horizontal Wire, length 11.11 mm
[wire_dangling]: Wires not connected to anything
    ; error
    @(45.08 mm, 135.00 mm): Horizontal Wire, length 11.11 mm
[wire_dangling]: Wires not connected to anything
    ; error
    @(115.08 mm, 95.00 mm): Horizontal Wire, length 11.11 mm
[wire_dangling]: Wires not connected to anything
    ; error
    @(80.08 mm, 135.00 mm): Horizontal Wire, length 11.11 mm
[wire_dangling]: Wires not connected to anything
    ; error
    @(150.08 mm, 55.00 mm): Horizontal Wire, length 11.11 mm
[wire_dangling]: Wires not connected to anything
    ; error
    @(115.08 mm, 115.00 mm): Horizontal Wire, length 11.11 mm
[wire_dangling]: Wires not connected to anything
    ; error
    @(150.08 mm, 75.00 mm): Horizontal Wire, length 11.11 mm
[wire_dangling]: Wires not connected to anything
    ; error
    @(115.08 mm, 135.00 mm): Horizontal Wire, length 11.11 mm
[wire_dangling]: Wires not connected to anything
    ; error
    @(150.08 mm, 95.00 mm): Horizontal Wire, length 11.11 mm
[wire_dangling]: Wires not connected to anything
    ; error
    @(150.08 mm, 115.00 mm): Horizontal Wire, length 11.11 mm
[wire_dangling]: Wires not connected to anything
    ; error
    @(185.08 mm, 55.00 mm): Horizontal Wire, length 11.11 mm
[wire_dangling]: Wires not connected to anything
    ; error
    @(185.08 mm, 75.00 mm): Horizontal Wire, length 11.11 mm
[wire_dangling]: Wires not connected to anything
    ; error
    @(150.08 mm, 135.00 mm): Horizontal Wire, length 11.11 mm
[wire_dangling]: Wires not connected to anything
    ; error
    @(185.08 mm, 95.00 mm): Horizontal Wire, length 11.11 mm
[wire_dangling]: Wires not connected to anything
    ; error
    @(185.08 mm, 115.00 mm): Horizontal Wire, length 11.11 mm
[wire_dangling]: Wires not connected to anything
    ; error
    @(185.08 mm, 135.00 mm): Horizontal Wire, length 11.11 mm
[endpoint_off_grid]: Symbol pin or wire end off connection grid
    ; warning
    @(28.00 mm, 35.00 mm): Horizontal Wire, length 6.92 mm
[endpoint_off_grid]: Symbol pin or wire end off connection grid
    ; warning
    @(34.92 mm, 35.00 mm): Symbol SW1 Pin 1 [1, Passive, Line]
[footprint_link_issues]: The current configuration does not include the footprint library 'Keyboard'.
    ; warning
    @(40.00 mm, 35.00 mm): Symbol SW1 [SW_Push]
[endpoint_off_grid]: Symbol pin or wire end off connection grid
    ; warning
    @(45.08 mm, 35.00 mm): Horizontal Wire, length 11.11 mm
[endpoint_off_grid]: Symbol pin or wire end off connection grid
    ; warning
    @(28.00 mm, 55.00 mm): Horizontal Wire, length 6.92 mm
[endpoint_off_grid]: Symbol pin or wire end off connection grid
    ; warning
    @(34.92 mm, 55.00 mm): Symbol SW2 Pin 1 [1, Passive, Line]
[endpoint_off_grid]: Symbol pin or wire end off connection grid
    ; warning
    @(56.19 mm, 35.00 mm): Symbol D1 Pin 1 [K, Passive, Line]
[no_connect_connected]: A pin with a "no connection" flag is connected
    ; warning
    @(56.19 mm, 35.00 mm): Symbol D1 Pin 1 [K, Passive, Line]
    @(45.08 mm, 35.00 mm): No Connect
[footprint_link_issues]: The current configuration does not include the footprint library 'Keyboard'.
    ; warning
    @(40.00 mm, 55.00 mm): Symbol SW2 [SW_Push]
[endpoint_off_grid]: Symbol pin or wire end off connection grid
    ; warning
    @(45.08 mm, 55.00 mm): Horizontal Wire, length 11.11 mm
[endpoint_off_grid]: Symbol pin or wire end off connection grid
    ; warning
    @(63.81 mm, 35.00 mm): Horizontal Wire, length 6.19 mm
[endpoint_off_grid]: Symbol pin or wire end off connection grid
    ; warning
    @(56.19 mm, 55.00 mm): Symbol D2 Pin 1 [K, Passive, Line]
[no_connect_connected]: A pin with a "no connection" flag is connected
    ; warning
    @(56.19 mm, 55.00 mm): Symbol D2 Pin 1 [K, Passive, Line]
    @(45.08 mm, 55.00 mm): No Connect
[endpoint_off_grid]: Symbol pin or wire end off connection grid
    ; warning
    @(28.00 mm, 75.00 mm): Horizontal Wire, length 6.92 mm
[endpoint_off_grid]: Symbol pin or wire end off connection grid
    ; warning
    @(34.92 mm, 75.00 mm): Symbol SW7 Pin 1 [1, Passive, Line]
[endpoint_off_grid]: Symbol pin or wire end off connection grid
    ; warning
    @(63.00 mm, 55.00 mm): Horizontal Wire, length 6.92 mm
[endpoint_off_grid]: Symbol pin or wire end off connection grid
    ; warning
    @(63.81 mm, 55.00 mm): Horizontal Wire, length 6.19 mm
[footprint_link_issues]: The current configuration does not include the footprint library 'Keyboard'.
    ; warning
    @(40.00 mm, 75.00 mm): Symbol SW7 [SW_Push]
[endpoint_off_grid]: Symbol pin or wire end off connection grid
    ; warning
    @(45.08 mm, 75.00 mm): Horizontal Wire, length 11.11 mm
[endpoint_off_grid]: Symbol pin or wire end off connection grid
    ; warning
    @(69.92 mm, 55.00 mm): Symbol SW3 Pin 1 [1, Passive, Line]
[footprint_link_issues]: The current configuration does not include the footprint library 'Keyboard'.
    ; warning
    @(75.00 mm, 55.00 mm): Symbol SW3 [SW_Push]
[endpoint_off_grid]: Symbol pin or wire end off connection grid
    ; warning
    @(56.19 mm, 75.00 mm): Symbol D7 Pin 1 [K, Passive, Line]
[no_connect_connected]: A pin with a "no connection" flag is connected
    ; warning
    @(56.19 mm, 75.00 mm): Symbol D7 Pin 1 [K, Passive, Line]
    @(45.08 mm, 75.00 mm): No Connect
[endpoint_off_grid]: Symbol pin or wire end off connection grid
    ; warning
    @(80.08 mm, 55.00 mm): Horizontal Wire, length 11.11 mm
[endpoint_off_grid]: Symbol pin or wire end off connection grid
    ; warning
    @(63.00 mm, 75.00 mm): Horizontal Wire, length 6.92 mm
[endpoint_off_grid]: Symbol pin or wire end off connection grid
    ; warning
    @(63.81 mm, 75.00 mm): Horizontal Wire, length 6.19 mm
[endpoint_off_grid]: Symbol pin or wire end off connection grid
    ; warning
    @(28.00 mm, 95.00 mm): Horizontal Wire, length 6.92 mm
[endpoint_off_grid]: Symbol pin or wire end off connection grid
    ; warning
    @(34.92 mm, 95.00 mm): Symbol SW12 Pin 1 [1, Passive, Line]
[endpoint_off_grid]: Symbol pin or wire end off connection grid
    ; warning
    @(69.92 mm, 75.00 mm): Symbol SW8 Pin 1 [1, Passive, Line]
[footprint_link_issues]: The current configuration does not include the footprint library 'Keyboard'.
    ; warning
    @(40.00 mm, 95.00 mm): Symbol SW12 [SW_Push]
[endpoint_off_grid]: Symbol pin or wire end off connection grid
    ; warning
    @(45.08 mm, 95.00 mm): Horizontal Wire, length 11.11 mm
[footprint_link_issues]: The current configuration does not include the footprint library 'Keyboard'.
    ; warning
    @(75.00 mm, 75.00 mm): Symbol SW8 [SW_Push]
[endpoint_off_grid]: Symbol pin or wire end off connection grid
    ; warning
    @(91.19 mm, 55.00 mm): Symbol D3 Pin 1 [K, Passive, Line]
[no_connect_connected]: A pin with a "no connection" flag is connected
    ; warning
    @(91.19 mm, 55.00 mm): Symbol D3 Pin 1 [K, Passive, Line]
    @(80.08 mm, 55.00 mm): No Connect
[endpoint_off_grid]: Symbol pin or wire end off connection grid
    ; warning
    @(80.08 mm, 75.00 mm): Horizontal Wire, length 11.11 mm
[endpoint_off_grid]: Symbol pin or wire end off connection grid
    ; warning
    @(56.19 mm, 95.00 mm): Symbol D12 Pin 1 [K, Passive, Line]
[no_connect_connected]: A pin with a "no connection" flag is connected
    ; warning
    @(56.19 mm, 95.00 mm): Symbol D12 Pin 1 [K, Passive, Line]
    @(45.08 mm, 95.00 mm): No Connect
[endpoint_off_grid]: Symbol pin or wire end off connection grid
    ; warning
    @(98.00 mm, 55.00 mm): Horizontal Wire, length 6.92 mm
[endpoint_off_grid]: Symbol pin or wire end off connection grid
    ; warning
    @(98.81 mm, 55.00 mm): Horizontal Wire, length 6.19 mm
[endpoint_off_grid]: Symbol pin or wire end off connection grid
    ; warning
    @(63.00 mm, 95.00 mm): Horizontal Wire, length 6.92 mm
[endpoint_off_grid]: Symbol pin or wire end off connection grid
    ; warning
    @(63.81 mm, 95.00 mm): Horizontal Wire, length 6.19 mm
[endpoint_off_grid]: Symbol pin or wire end off connection grid
    ; warning
    @(69.92 mm, 95.00 mm): Symbol SW13 Pin 1 [1, Passive, Line]
[endpoint_off_grid]: Symbol pin or wire end off connection grid
    ; warning
    @(91.19 mm, 75.00 mm): Symbol D8 Pin 1 [K, Passive, Line]
[no_connect_connected]: A pin with a "no connection" flag is connected
    ; warning
    @(91.19 mm, 75.00 mm): Symbol D8 Pin 1 [K, Passive, Line]
    @(80.08 mm, 75.00 mm): No Connect
[endpoint_off_grid]: Symbol pin or wire end off connection grid
    ; warning
    @(28.00 mm, 115.00 mm): Horizontal Wire, length 6.92 mm
[endpoint_off_grid]: Symbol pin or wire end off connection grid
    ; warning
    @(104.92 mm, 55.00 mm): Symbol SW4 Pin 1 [1, Passive, Line]
[endpoint_off_grid]: Symbol pin or wire end off connection grid
    ; warning
    @(34.92 mm, 115.00 mm): Symbol SW17 Pin 1 [1, Passive, Line]
[footprint_link_issues]: The current configuration does not include the footprint library 'Keyboard'.
    ; warning
    @(75.00 mm, 95.00 mm): Symbol SW13 [SW_Push]
[footprint_link_issues]: The current configuration does not include the footprint library 'Keyboard'.
    ; warning
    @(40.00 mm, 115.00 mm): Symbol SW17 [SW_Push]
[footprint_link_issues]: The current configuration does not include the footprint library 'Keyboard'.
    ; warning
    @(110.00 mm, 55.00 mm): Symbol SW4 [SW_Push]
[endpoint_off_grid]: Symbol pin or wire end off connection grid
    ; warning
    @(98.00 mm, 75.00 mm): Horizontal Wire, length 6.92 mm
[endpoint_off_grid]: Symbol pin or wire end off connection grid
    ; warning
    @(45.08 mm, 115.00 mm): Horizontal Wire, length 11.11 mm
[endpoint_off_grid]: Symbol pin or wire end off connection grid
    ; warning
    @(98.81 mm, 75.00 mm): Horizontal Wire, length 6.19 mm
[endpoint_off_grid]: Symbol pin or wire end off connection grid
    ; warning
    @(80.08 mm, 95.00 mm): Horizontal Wire, length 11.11 mm
[endpoint_off_grid]: Symbol pin or wire end off connection grid
    ; warning
    @(115.08 mm, 55.00 mm): Horizontal Wire, length 11.11 mm
[endpoint_off_grid]: Symbol pin or wire end off connection grid
    ; warning
    @(56.19 mm, 115.00 mm): Symbol D17 Pin 1 [K, Passive, Line]
[no_connect_connected]: A pin with a "no connection" flag is connected
    ; warning
    @(56.19 mm, 115.00 mm): Symbol D17 Pin 1 [K, Passive, Line]
    @(45.08 mm, 115.00 mm): No Connect
[endpoint_off_grid]: Symbol pin or wire end off connection grid
    ; warning
    @(104.92 mm, 75.00 mm): Symbol SW9 Pin 1 [1, Passive, Line]
[endpoint_off_grid]: Symbol pin or wire end off connection grid
    ; warning
    @(63.00 mm, 115.00 mm): Horizontal Wire, length 6.92 mm
[endpoint_off_grid]: Symbol pin or wire end off connection grid
    ; warning
    @(63.81 mm, 115.00 mm): Horizontal Wire, length 6.19 mm
[endpoint_off_grid]: Symbol pin or wire end off connection grid
    ; warning
    @(91.19 mm, 95.00 mm): Symbol D13 Pin 1 [K, Passive, Line]
[no_connect_connected]: A pin with a "no connection" flag is connected
    ; warning
    @(91.19 mm, 95.00 mm): Symbol D13 Pin 1 [K, Passive, Line]
    @(80.08 mm, 95.00 mm): No Connect
[footprint_link_issues]: The current configuration does not include the footprint library 'Keyboard'.
    ; warning
    @(110.00 mm, 75.00 mm): Symbol SW9 [SW_Push]
[endpoint_off_grid]: Symbol pin or wire end off connection grid
    ; warning
    @(69.92 mm, 115.00 mm): Symbol SW18 Pin 1 [1, Passive, Line]
[endpoint_off_grid]: Symbol pin or wire end off connection grid
    ; warning
    @(98.00 mm, 95.00 mm): Horizontal Wire, length 6.92 mm
[endpoint_off_grid]: Symbol pin or wire end off connection grid
    ; warning
    @(98.81 mm, 95.00 mm): Horizontal Wire, length 6.19 mm
[footprint_link_issues]: The current configuration does not include the footprint library 'Keyboard'.
    ; warning
    @(75.00 mm, 115.00 mm): Symbol SW18 [SW_Push]
[endpoint_off_grid]: Symbol pin or wire end off connection grid
    ; warning
    @(115.08 mm, 75.00 mm): Horizontal Wire, length 11.11 mm
[endpoint_off_grid]: Symbol pin or wire end off connection grid
    ; warning
    @(126.19 mm, 55.00 mm): Symbol D4 Pin 1 [K, Passive, Line]
[no_connect_connected]: A pin with a "no connection" flag is connected
    ; warning
    @(126.19 mm, 55.00 mm): Symbol D4 Pin 1 [K, Passive, Line]
    @(115.08 mm, 55.00 mm): No Connect
[endpoint_off_grid]: Symbol pin or wire end off connection grid
    ; warning
    @(28.00 mm, 135.00 mm): Horizontal Wire, length 6.92 mm
[endpoint_off_grid]: Symbol pin or wire end off connection grid
    ; warning
    @(34.92 mm, 135.00 mm): Symbol SW22 Pin 1 [1, Passive, Line]
[endpoint_off_grid]: Symbol pin or wire end off connection grid
    ; warning
    @(80.08 mm, 115.00 mm): Horizontal Wire, length 11.11 mm
[footprint_link_issues]: The current configuration does not include the footprint library 'Keyboard'.
    ; warning
    @(40.00 mm, 135.00 mm): Symbol SW22 [SW_Push]
[endpoint_off_grid]: Symbol pin or wire end off connection grid
    ; warning
    @(104.92 mm, 95.00 mm): Symbol SW14 Pin 1 [1, Passive, Line]
[endpoint_off_grid]: Symbol pin or wire end off connection grid
    ; warning
    @(45.08 mm, 135.00 mm): Horizontal Wire, length 11.11 mm
[endpoint_off_grid]: Symbol pin or wire end off connection grid
    ; warning
    @(133.00 mm, 55.00 mm): Horizontal Wire, length 6.92 mm
[endpoint_off_grid]: Symbol pin or wire end off connection grid
    ; warning
    @(133.81 mm, 55.00 mm): Horizontal Wire, length 6.19 mm
[footprint_link_issues]: The current configuration does not include the footprint library 'Keyboard'.
    ; warning
    @(110.00 mm, 95.00 mm): Symbol SW14 [SW_Push]
[endpoint_off_grid]: Symbol pin or wire end off connection grid
    ; warning
    @(56.19 mm, 135.00 mm): Symbol D22 Pin 1 [K, Passive, Line]
[no_connect_connected]: A pin with a "no connection" flag is connected
    ; warning
    @(56.19 mm, 135.00 mm): Symbol D22 Pin 1 [K, Passive, Line]
    @(45.08 mm, 135.00 mm): No Connect
[endpoint_off_grid]: Symbol pin or wire end off connection grid
    ; warning
    @(91.19 mm, 115.00 mm): Symbol D18 Pin 1 [K, Passive, Line]
[no_connect_connected]: A pin with a "no connection" flag is connected
    ; warning
    @(91.19 mm, 115.00 mm): Symbol D18 Pin 1 [K, Passive, Line]
    @(80.08 mm, 115.00 mm): No Connect
[endpoint_off_grid]: Symbol pin or wire end off connection grid
    ; warning
    @(126.19 mm, 75.00 mm): Symbol D9 Pin 1 [K, Passive, Line]
[no_connect_connected]: A pin with a "no connection" flag is connected
    ; warning
    @(126.19 mm, 75.00 mm): Symbol D9 Pin 1 [K, Passive, Line]
    @(115.08 mm, 75.00 mm): No Connect
[endpoint_off_grid]: Symbol pin or wire end off connection grid
    ; warning
    @(63.00 mm, 135.00 mm): Horizontal Wire, length 6.92 mm
[endpoint_off_grid]: Symbol pin or wire end off connection grid
    ; warning
    @(115.08 mm, 95.00 mm): Horizontal Wire, length 11.11 mm
[endpoint_off_grid]: Symbol pin or wire end off connection grid
    ; warning
    @(63.81 mm, 135.00 mm): Horizontal Wire, length 6.19 mm
[endpoint_off_grid]: Symbol pin or wire end off connection grid
    ; warning
    @(139.92 mm, 55.00 mm): Symbol SW5 Pin 1 [1, Passive, Line]
[endpoint_off_grid]: Symbol pin or wire end off connection grid
    ; warning
    @(98.00 mm, 115.00 mm): Horizontal Wire, length 6.92 mm
[endpoint_off_grid]: Symbol pin or wire end off connection grid
    ; warning
    @(98.81 mm, 115.00 mm): Horizontal Wire, length 6.19 mm
[endpoint_off_grid]: Symbol pin or wire end off connection grid
    ; warning
    @(69.92 mm, 135.00 mm): Symbol SW23 Pin 1 [1, Passive, Line]
[endpoint_off_grid]: Symbol pin or wire end off connection grid
    ; warning
    @(133.00 mm, 75.00 mm): Horizontal Wire, length 6.92 mm
[endpoint_off_grid]: Symbol pin or wire end off connection grid
    ; warning
    @(133.81 mm, 75.00 mm): Horizontal Wire, length 6.19 mm
[footprint_link_issues]: The current configuration does not include the footprint library 'Keyboard'.
    ; warning
    @(75.00 mm, 135.00 mm): Symbol SW23 [SW_Push]
[footprint_link_issues]: The current configuration does not include the footprint library 'Keyboard'.
    ; warning
    @(145.00 mm, 55.00 mm): Symbol SW5 [SW_Push]
[endpoint_off_grid]: Symbol pin or wire end off connection grid
    ; warning
    @(104.92 mm, 115.00 mm): Symbol SW19 Pin 1 [1, Passive, Line]
[endpoint_off_grid]: Symbol pin or wire end off connection grid
    ; warning
    @(80.08 mm, 135.00 mm): Horizontal Wire, length 11.11 mm
[endpoint_off_grid]: Symbol pin or wire end off connection grid
    ; warning
    @(126.19 mm, 95.00 mm): Symbol D14 Pin 1 [K, Passive, Line]
[no_connect_connected]: A pin with a "no connection" flag is connected
    ; warning
    @(126.19 mm, 95.00 mm): Symbol D14 Pin 1 [K, Passive, Line]
    @(115.08 mm, 95.00 mm): No Connect
[endpoint_off_grid]: Symbol pin or wire end off connection grid
    ; warning
    @(139.92 mm, 75.00 mm): Symbol SW10 Pin 1 [1, Passive, Line]
[footprint_link_issues]: The current configuration does not include the footprint library 'Keyboard'.
    ; warning
    @(110.00 mm, 115.00 mm): Symbol SW19 [SW_Push]
[endpoint_off_grid]: Symbol pin or wire end off connection grid
    ; warning
    @(150.08 mm, 55.00 mm): Horizontal Wire, length 11.11 mm
[endpoint_off_grid]: Symbol pin or wire end off connection grid
    ; warning
    @(115.08 mm, 115.00 mm): Horizontal Wire, length 11.11 mm
[endpoint_off_grid]: Symbol pin or wire end off connection grid
    ; warning
    @(91.19 mm, 135.00 mm): Symbol D23 Pin 1 [K, Passive, Line]
[no_connect_connected]: A pin with a "no connection" flag is connected
    ; warning
    @(91.19 mm, 135.00 mm): Symbol D23 Pin 1 [K, Passive, Line]
    @(80.08 mm, 135.00 mm): No Connect
[footprint_link_issues]: The current configuration does not include the footprint library 'Keyboard'.
    ; warning
    @(145.00 mm, 75.00 mm): Symbol SW10 [SW_Push]
[endpoint_off_grid]: Symbol pin or wire end off connection grid
    ; warning
    @(133.00 mm, 95.00 mm): Horizontal Wire, length 6.92 mm
[endpoint_off_grid]: Symbol pin or wire end off connection grid
    ; warning
    @(133.81 mm, 95.00 mm): Horizontal Wire, length 6.19 mm
[endpoint_off_grid]: Symbol pin or wire end off connection grid
    ; warning
    @(98.00 mm, 135.00 mm): Horizontal Wire, length 6.92 mm
[endpoint_off_grid]: Symbol pin or wire end off connection grid
    ; warning
    @(98.81 mm, 135.00 mm): Horizontal Wire, length 6.19 mm
[endpoint_off_grid]: Symbol pin or wire end off connection grid
    ; warning
    @(150.08 mm, 75.00 mm): Horizontal Wire, length 11.11 mm
[endpoint_off_grid]: Symbol pin or wire end off connection grid
    ; warning
    @(139.92 mm, 95.00 mm): Symbol SW15 Pin 1 [1, Passive, Line]
[endpoint_off_grid]: Symbol pin or wire end off connection grid
    ; warning
    @(161.19 mm, 55.00 mm): Symbol D5 Pin 1 [K, Passive, Line]
[no_connect_connected]: A pin with a "no connection" flag is connected
    ; warning
    @(161.19 mm, 55.00 mm): Symbol D5 Pin 1 [K, Passive, Line]
    @(150.08 mm, 55.00 mm): No Connect
[endpoint_off_grid]: Symbol pin or wire end off connection grid
    ; warning
    @(126.19 mm, 115.00 mm): Symbol D19 Pin 1 [K, Passive, Line]
[no_connect_connected]: A pin with a "no connection" flag is connected
    ; warning
    @(126.19 mm, 115.00 mm): Symbol D19 Pin 1 [K, Passive, Line]
    @(115.08 mm, 115.00 mm): No Connect
[endpoint_off_grid]: Symbol pin or wire end off connection grid
    ; warning
    @(104.92 mm, 135.00 mm): Symbol SW24 Pin 1 [1, Passive, Line]
[footprint_link_issues]: The current configuration does not include the footprint library 'Keyboard'.
    ; warning
    @(145.00 mm, 95.00 mm): Symbol SW15 [SW_Push]
[footprint_link_issues]: The current configuration does not include the footprint library 'Keyboard'.
    ; warning
    @(110.00 mm, 135.00 mm): Symbol SW24 [SW_Push]
[endpoint_off_grid]: Symbol pin or wire end off connection grid
    ; warning
    @(133.00 mm, 115.00 mm): Horizontal Wire, length 6.92 mm
[endpoint_off_grid]: Symbol pin or wire end off connection grid
    ; warning
    @(133.81 mm, 115.00 mm): Horizontal Wire, length 6.19 mm
[endpoint_off_grid]: Symbol pin or wire end off connection grid
    ; warning
    @(168.00 mm, 55.00 mm): Horizontal Wire, length 6.92 mm
[endpoint_off_grid]: Symbol pin or wire end off connection grid
    ; warning
    @(115.08 mm, 135.00 mm): Horizontal Wire, length 11.11 mm
[endpoint_off_grid]: Symbol pin or wire end off connection grid
    ; warning
    @(168.81 mm, 55.00 mm): Horizontal Wire, length 6.19 mm
[endpoint_off_grid]: Symbol pin or wire end off connection grid
    ; warning
    @(150.08 mm, 95.00 mm): Horizontal Wire, length 11.11 mm
[endpoint_off_grid]: Symbol pin or wire end off connection grid
    ; warning
    @(161.19 mm, 75.00 mm): Symbol D10 Pin 1 [K, Passive, Line]
[no_connect_connected]: A pin with a "no connection" flag is connected
    ; warning
    @(161.19 mm, 75.00 mm): Symbol D10 Pin 1 [K, Passive, Line]
    @(150.08 mm, 75.00 mm): No Connect
[endpoint_off_grid]: Symbol pin or wire end off connection grid
    ; warning
    @(139.92 mm, 115.00 mm): Symbol SW20 Pin 1 [1, Passive, Line]
[endpoint_off_grid]: Symbol pin or wire end off connection grid
    ; warning
    @(174.92 mm, 55.00 mm): Symbol SW6 Pin 1 [1, Passive, Line]
[endpoint_off_grid]: Symbol pin or wire end off connection grid
    ; warning
    @(168.00 mm, 75.00 mm): Horizontal Wire, length 6.92 mm
[endpoint_off_grid]: Symbol pin or wire end off connection grid
    ; warning
    @(168.81 mm, 75.00 mm): Horizontal Wire, length 6.19 mm
[endpoint_off_grid]: Symbol pin or wire end off connection grid
    ; warning
    @(126.19 mm, 135.00 mm): Symbol D24 Pin 1 [K, Passive, Line]
[no_connect_connected]: A pin with a "no connection" flag is connected
    ; warning
    @(126.19 mm, 135.00 mm): Symbol D24 Pin 1 [K, Passive, Line]
    @(115.08 mm, 135.00 mm): No Connect
[footprint_link_issues]: The current configuration does not include the footprint library 'Keyboard'.
    ; warning
    @(145.00 mm, 115.00 mm): Symbol SW20 [SW_Push]
[endpoint_off_grid]: Symbol pin or wire end off connection grid
    ; warning
    @(161.19 mm, 95.00 mm): Symbol D15 Pin 1 [K, Passive, Line]
[no_connect_connected]: A pin with a "no connection" flag is connected
    ; warning
    @(161.19 mm, 95.00 mm): Symbol D15 Pin 1 [K, Passive, Line]
    @(150.08 mm, 95.00 mm): No Connect
[footprint_link_issues]: The current configuration does not include the footprint library 'Keyboard'.
    ; warning
    @(180.00 mm, 55.00 mm): Symbol SW6 [SW_Push]
[endpoint_off_grid]: Symbol pin or wire end off connection grid
    ; warning
    @(150.08 mm, 115.00 mm): Horizontal Wire, length 11.11 mm
[endpoint_off_grid]: Symbol pin or wire end off connection grid
    ; warning
    @(133.00 mm, 135.00 mm): Horizontal Wire, length 6.92 mm
[endpoint_off_grid]: Symbol pin or wire end off connection grid
    ; warning
    @(133.81 mm, 135.00 mm): Horizontal Wire, length 6.19 mm
[endpoint_off_grid]: Symbol pin or wire end off connection grid
    ; warning
    @(174.92 mm, 75.00 mm): Symbol SW11 Pin 1 [1, Passive, Line]
[endpoint_off_grid]: Symbol pin or wire end off connection grid
    ; warning
    @(168.00 mm, 95.00 mm): Horizontal Wire, length 6.92 mm
[endpoint_off_grid]: Symbol pin or wire end off connection grid
    ; warning
    @(185.08 mm, 55.00 mm): Horizontal Wire, length 11.11 mm
[endpoint_off_grid]: Symbol pin or wire end off connection grid
    ; warning
    @(168.81 mm, 95.00 mm): Horizontal Wire, length 6.19 mm
[endpoint_off_grid]: Symbol pin or wire end off connection grid
    ; warning
    @(139.92 mm, 135.00 mm): Symbol SW25 Pin 1 [1, Passive, Line]
[footprint_link_issues]: The current configuration does not include the footprint library 'Keyboard'.
    ; warning
    @(180.00 mm, 75.00 mm): Symbol SW11 [SW_Push]
[endpoint_off_grid]: Symbol pin or wire end off connection grid
    ; warning
    @(161.19 mm, 115.00 mm): Symbol D20 Pin 1 [K, Passive, Line]
[no_connect_connected]: A pin with a "no connection" flag is connected
    ; warning
    @(161.19 mm, 115.00 mm): Symbol D20 Pin 1 [K, Passive, Line]
    @(150.08 mm, 115.00 mm): No Connect
[footprint_link_issues]: The current configuration does not include the footprint library 'Keyboard'.
    ; warning
    @(145.00 mm, 135.00 mm): Symbol SW25 [SW_Push]
[endpoint_off_grid]: Symbol pin or wire end off connection grid
    ; warning
    @(174.92 mm, 95.00 mm): Symbol SW16 Pin 1 [1, Passive, Line]
[endpoint_off_grid]: Symbol pin or wire end off connection grid
    ; warning
    @(185.08 mm, 75.00 mm): Horizontal Wire, length 11.11 mm
[endpoint_off_grid]: Symbol pin or wire end off connection grid
    ; warning
    @(150.08 mm, 135.00 mm): Horizontal Wire, length 11.11 mm
[footprint_link_issues]: The current configuration does not include the footprint library 'Keyboard'.
    ; warning
    @(180.00 mm, 95.00 mm): Symbol SW16 [SW_Push]
[endpoint_off_grid]: Symbol pin or wire end off connection grid
    ; warning
    @(168.00 mm, 115.00 mm): Horizontal Wire, length 6.92 mm
[endpoint_off_grid]: Symbol pin or wire end off connection grid
    ; warning
    @(196.19 mm, 55.00 mm): Symbol D6 Pin 1 [K, Passive, Line]
[no_connect_connected]: A pin with a "no connection" flag is connected
    ; warning
    @(196.19 mm, 55.00 mm): Symbol D6 Pin 1 [K, Passive, Line]
    @(185.08 mm, 55.00 mm): No Connect
[endpoint_off_grid]: Symbol pin or wire end off connection grid
    ; warning
    @(168.81 mm, 115.00 mm): Horizontal Wire, length 6.19 mm
[endpoint_off_grid]: Symbol pin or wire end off connection grid
    ; warning
    @(185.08 mm, 95.00 mm): Horizontal Wire, length 11.11 mm
[endpoint_off_grid]: Symbol pin or wire end off connection grid
    ; warning
    @(174.92 mm, 115.00 mm): Symbol SW21 Pin 1 [1, Passive, Line]
[endpoint_off_grid]: Symbol pin or wire end off connection grid
    ; warning
    @(196.19 mm, 75.00 mm): Symbol D11 Pin 1 [K, Passive, Line]
[no_connect_connected]: A pin with a "no connection" flag is connected
    ; warning
    @(196.19 mm, 75.00 mm): Symbol D11 Pin 1 [K, Passive, Line]
    @(185.08 mm, 75.00 mm): No Connect
[endpoint_off_grid]: Symbol pin or wire end off connection grid
    ; warning
    @(161.19 mm, 135.00 mm): Symbol D25 Pin 1 [K, Passive, Line]
[no_connect_connected]: A pin with a "no connection" flag is connected
    ; warning
    @(161.19 mm, 135.00 mm): Symbol D25 Pin 1 [K, Passive, Line]
    @(150.08 mm, 135.00 mm): No Connect
[endpoint_off_grid]: Symbol pin or wire end off connection grid
    ; warning
    @(203.81 mm, 55.00 mm): Horizontal Wire, length 6.19 mm
[footprint_link_issues]: The current configuration does not include the footprint library 'Keyboard'.
    ; warning
    @(180.00 mm, 115.00 mm): Symbol SW21 [SW_Push]
[endpoint_off_grid]: Symbol pin or wire end off connection grid
    ; warning
    @(168.00 mm, 135.00 mm): Horizontal Wire, length 6.92 mm
[endpoint_off_grid]: Symbol pin or wire end off connection grid
    ; warning
    @(168.81 mm, 135.00 mm): Horizontal Wire, length 6.19 mm
[endpoint_off_grid]: Symbol pin or wire end off connection grid
    ; warning
    @(203.81 mm, 75.00 mm): Horizontal Wire, length 6.19 mm
[endpoint_off_grid]: Symbol pin or wire end off connection grid
    ; warning
    @(185.08 mm, 115.00 mm): Horizontal Wire, length 11.11 mm
[endpoint_off_grid]: Symbol pin or wire end off connection grid
    ; warning
    @(196.19 mm, 95.00 mm): Symbol D16 Pin 1 [K, Passive, Line]
[no_connect_connected]: A pin with a "no connection" flag is connected
    ; warning
    @(196.19 mm, 95.00 mm): Symbol D16 Pin 1 [K, Passive, Line]
    @(185.08 mm, 95.00 mm): No Connect
[endpoint_off_grid]: Symbol pin or wire end off connection grid
    ; warning
    @(174.92 mm, 135.00 mm): Symbol SW26 Pin 1 [1, Passive, Line]
[endpoint_off_grid]: Symbol pin or wire end off connection grid
    ; warning
    @(203.81 mm, 95.00 mm): Horizontal Wire, length 6.19 mm
[footprint_link_issues]: The current configuration does not include the footprint library 'Keyboard'.
    ; warning
    @(180.00 mm, 135.00 mm): Symbol SW26 [SW_Push]
[endpoint_off_grid]: Symbol pin or wire end off connection grid
    ; warning
    @(196.19 mm, 115.00 mm): Symbol D21 Pin 1 [K, Passive, Line]
[no_connect_connected]: A pin with a "no connection" flag is connected
    ; warning
    @(196.19 mm, 115.00 mm): Symbol D21 Pin 1 [K, Passive, Line]
    @(185.08 mm, 115.00 mm): No Connect
[endpoint_off_grid]: Symbol pin or wire end off connection grid
    ; warning
    @(185.08 mm, 135.00 mm): Horizontal Wire, length 11.11 mm
[endpoint_off_grid]: Symbol pin or wire end off connection grid
    ; warning
    @(203.81 mm, 115.00 mm): Horizontal Wire, length 6.19 mm
[endpoint_off_grid]: Symbol pin or wire end off connection grid
    ; warning
    @(196.19 mm, 135.00 mm): Symbol D26 Pin 1 [K, Passive, Line]
[no_connect_connected]: A pin with a "no connection" flag is connected
    ; warning
    @(196.19 mm, 135.00 mm): Symbol D26 Pin 1 [K, Passive, Line]
    @(185.08 mm, 135.00 mm): No Connect
[endpoint_off_grid]: Symbol pin or wire end off connection grid
    ; warning
    @(203.81 mm, 135.00 mm): Horizontal Wire, length 6.19 mm
[endpoint_off_grid]: Symbol pin or wire end off connection grid
    ; warning
    @(284.92 mm, 58.76 mm): Horizontal Wire, length 4.00 mm
[endpoint_off_grid]: Symbol pin or wire end off connection grid
    ; warning
    @(284.92 mm, 61.30 mm): Horizontal Wire, length 4.00 mm
[endpoint_off_grid]: Symbol pin or wire end off connection grid
    ; warning
    @(284.92 mm, 61.30 mm): Symbol U901A Pin 1 [Pin_1, Passive, Line]
[endpoint_off_grid]: Symbol pin or wire end off connection grid
    ; warning
    @(284.92 mm, 63.84 mm): Horizontal Wire, length 4.00 mm
[endpoint_off_grid]: Symbol pin or wire end off connection grid
    ; warning
    @(284.92 mm, 66.38 mm): Horizontal Wire, length 4.00 mm
[endpoint_off_grid]: Symbol pin or wire end off connection grid
    ; warning
    @(284.92 mm, 68.92 mm): Horizontal Wire, length 4.00 mm
[endpoint_off_grid]: Symbol pin or wire end off connection grid
    ; warning
    @(284.92 mm, 71.46 mm): Horizontal Wire, length 4.00 mm
[endpoint_off_grid]: Symbol pin or wire end off connection grid
    ; warning
    @(284.92 mm, 74.00 mm): Horizontal Wire, length 4.00 mm
[endpoint_off_grid]: Symbol pin or wire end off connection grid
    ; warning
    @(284.92 mm, 76.54 mm): Horizontal Wire, length 4.00 mm
[endpoint_off_grid]: Symbol pin or wire end off connection grid
    ; warning
    @(284.92 mm, 79.08 mm): Horizontal Wire, length 4.00 mm
[endpoint_off_grid]: Symbol pin or wire end off connection grid
    ; warning
    @(284.92 mm, 81.62 mm): Horizontal Wire, length 4.00 mm
[endpoint_off_grid]: Symbol pin or wire end off connection grid
    ; warning
    @(284.92 mm, 84.16 mm): Horizontal Wire, length 4.00 mm
[endpoint_off_grid]: Symbol pin or wire end off connection grid
    ; warning
    @(284.92 mm, 86.70 mm): Horizontal Wire, length 4.00 mm
[endpoint_off_grid]: Symbol pin or wire end off connection grid
    ; warning
    @(284.92 mm, 101.46 mm): Symbol J201 Pin 1 [Pin_1, Passive, Line]
[endpoint_off_grid]: Symbol pin or wire end off connection grid
    ; warning
    @(284.92 mm, 113.46 mm): Symbol J202 Pin 1 [Pin_1, Passive, Line]
[endpoint_off_grid]: Symbol pin or wire end off connection grid
    ; warning
    @(284.92 mm, 130.19 mm): Horizontal Wire, length 4.00 mm
[endpoint_off_grid]: Symbol pin or wire end off connection grid
    ; warning
    @(284.92 mm, 132.73 mm): Horizontal Wire, length 4.00 mm
[endpoint_off_grid]: Symbol pin or wire end off connection grid
    ; warning
    @(284.92 mm, 135.27 mm): Horizontal Wire, length 4.00 mm
[global_label_dangling]: Global label not connected anywhere else in the schematic
    ; warning
    @(280.92 mm, 150.19 mm): Global Label 'IR_TX_LED'
[endpoint_off_grid]: Symbol pin or wire end off connection grid
    ; warning
    @(284.92 mm, 150.19 mm): Horizontal Wire, length 4.00 mm
[endpoint_off_grid]: Symbol pin or wire end off connection grid
    ; warning
    @(284.92 mm, 152.73 mm): Horizontal Wire, length 4.00 mm
[endpoint_off_grid]: Symbol pin or wire end off connection grid
    ; warning
    @(289.46 mm, 146.00 mm): Horizontal Wire, length 2.54 mm
[endpoint_off_grid]: Symbol pin or wire end off connection grid
    ; warning
    @(284.92 mm, 155.27 mm): Horizontal Wire, length 4.00 mm
[endpoint_off_grid]: Symbol pin or wire end off connection grid
    ; warning
    @(292.00 mm, 142.19 mm): Symbol R408 Pin 1 [Passive, Line]
[global_label_dangling]: Global label not connected anywhere else in the schematic
    ; warning
    @(322.92 mm, 58.76 mm): Global Label 'TOUCH_INT'
[endpoint_off_grid]: Symbol pin or wire end off connection grid
    ; warning
    @(294.54 mm, 146.00 mm): Horizontal Wire, length 4.54 mm
[endpoint_off_grid]: Symbol pin or wire end off connection grid
    ; warning
    @(326.92 mm, 58.76 mm): Horizontal Wire, length 4.00 mm
[endpoint_off_grid]: Symbol pin or wire end off connection grid
    ; warning
    @(326.92 mm, 61.30 mm): Horizontal Wire, length 4.00 mm
[endpoint_off_grid]: Symbol pin or wire end off connection grid
    ; warning
    @(326.92 mm, 61.30 mm): Symbol U901B Pin 1 [Pin_1, Passive, Line]
[global_label_dangling]: Global label not connected anywhere else in the schematic
    ; warning
    @(299.08 mm, 146.00 mm): Global Label 'IR_TX_LED'
[endpoint_off_grid]: Symbol pin or wire end off connection grid
    ; warning
    @(326.92 mm, 63.84 mm): Horizontal Wire, length 4.00 mm
[endpoint_off_grid]: Symbol pin or wire end off connection grid
    ; warning
    @(326.92 mm, 66.38 mm): Horizontal Wire, length 4.00 mm
[endpoint_off_grid]: Symbol pin or wire end off connection grid
    ; warning
    @(326.92 mm, 68.92 mm): Horizontal Wire, length 4.00 mm
[endpoint_off_grid]: Symbol pin or wire end off connection grid
    ; warning
    @(326.92 mm, 71.46 mm): Horizontal Wire, length 4.00 mm
[endpoint_off_grid]: Symbol pin or wire end off connection grid
    ; warning
    @(326.92 mm, 74.00 mm): Horizontal Wire, length 4.00 mm
[endpoint_off_grid]: Symbol pin or wire end off connection grid
    ; warning
    @(326.92 mm, 76.54 mm): Horizontal Wire, length 4.00 mm
[endpoint_off_grid]: Symbol pin or wire end off connection grid
    ; warning
    @(326.92 mm, 79.08 mm): Horizontal Wire, length 4.00 mm
[endpoint_off_grid]: Symbol pin or wire end off connection grid
    ; warning
    @(326.92 mm, 81.62 mm): Horizontal Wire, length 4.00 mm
[endpoint_off_grid]: Symbol pin or wire end off connection grid
    ; warning
    @(326.92 mm, 84.16 mm): Horizontal Wire, length 4.00 mm
[endpoint_off_grid]: Symbol pin or wire end off connection grid
    ; warning
    @(326.92 mm, 86.70 mm): Horizontal Wire, length 4.00 mm
[endpoint_off_grid]: Symbol pin or wire end off connection grid
    ; warning
    @(306.92 mm, 150.00 mm): Horizontal Wire, length 5.92 mm
[endpoint_off_grid]: Symbol pin or wire end off connection grid
    ; warning
    @(312.00 mm, 146.19 mm): Symbol R401 Pin 1 [Passive, Line]
[global_label_dangling]: Global label not connected anywhere else in the schematic
    ; warning
    @(322.92 mm, 132.73 mm): Global Label 'LED_DIN'
[endpoint_off_grid]: Symbol pin or wire end off connection grid
    ; warning
    @(317.08 mm, 150.00 mm): Horizontal Wire, length 5.92 mm
[endpoint_off_grid]: Symbol pin or wire end off connection grid
    ; warning
    @(326.92 mm, 130.19 mm): Horizontal Wire, length 4.00 mm
[endpoint_off_grid]: Symbol pin or wire end off connection grid
    ; warning
    @(326.92 mm, 131.46 mm): Symbol J301 Pin 1 [Pin_1, Passive, Line]
[endpoint_off_grid]: Symbol pin or wire end off connection grid
    ; warning
    @(326.92 mm, 132.73 mm): Horizontal Wire, length 4.00 mm
[endpoint_off_grid]: Symbol pin or wire end off connection grid
    ; warning
    @(304.38 mm, 179.46 mm): Symbol SW401 Pin A [A, Passive, Line]
[endpoint_off_grid]: Symbol pin or wire end off connection grid
    ; warning
    @(304.38 mm, 179.46 mm): Horizontal Wire, length 5.38 mm
[endpoint_off_grid]: Symbol pin or wire end off connection grid
    ; warning
    @(326.92 mm, 135.27 mm): Horizontal Wire, length 4.00 mm
[endpoint_off_grid]: Symbol pin or wire end off connection grid
    ; warning
    @(304.38 mm, 182.00 mm): Horizontal Wire, length 5.38 mm
[endpoint_off_grid]: Symbol pin or wire end off connection grid
    ; warning
    @(304.38 mm, 184.54 mm): Horizontal Wire, length 5.38 mm
[global_label_dangling]: Global label not connected anywhere else in the schematic
    ; warning
    @(323.00 mm, 150.00 mm): Global Label 'LED_DIN'
[endpoint_off_grid]: Symbol pin or wire end off connection grid
    ; warning
    @(326.92 mm, 148.92 mm): Horizontal Wire, length 4.00 mm
[endpoint_off_grid]: Symbol pin or wire end off connection grid
    ; warning
    @(326.92 mm, 151.46 mm): Horizontal Wire, length 4.00 mm
[endpoint_off_grid]: Symbol pin or wire end off connection grid
    ; warning
    @(326.92 mm, 151.46 mm): Symbol J302 Pin 1 [Pin_1, Passive, Line]
[global_label_dangling]: Global label not connected anywhere else in the schematic
    ; warning
    @(322.92 mm, 160.92 mm): Global Label 'LCD_BL'
[endpoint_off_grid]: Symbol pin or wire end off connection grid
    ; warning
    @(326.92 mm, 154.00 mm): Horizontal Wire, length 4.00 mm
[endpoint_off_grid]: Symbol pin or wire end off connection grid
    ; warning
    @(326.92 mm, 156.54 mm): Horizontal Wire, length 4.00 mm
[no_connect_connected]: A pin with a "no connection" flag is connected
    ; warning
    @(326.92 mm, 156.54 mm): Symbol J302 Pin 3 [Pin_3, Passive, Line]
    @(359.92 mm, 168.92 mm): No Connect
[endpoint_off_grid]: Symbol pin or wire end off connection grid
    ; warning
    @(326.92 mm, 160.92 mm): Horizontal Wire, length 4.00 mm
[global_label_dangling]: Global label not connected anywhere else in the schematic
    ; warning
    @(322.92 mm, 170.38 mm): Global Label 'TOUCH_INT'
[endpoint_off_grid]: Symbol pin or wire end off connection grid
    ; warning
    @(326.92 mm, 163.46 mm): Horizontal Wire, length 4.00 mm
[endpoint_off_grid]: Symbol pin or wire end off connection grid
    ; warning
    @(326.92 mm, 163.46 mm): Symbol J303 Pin 1 [Pin_1, Passive, Line]
[endpoint_off_grid]: Symbol pin or wire end off connection grid
    ; warning
    @(319.62 mm, 179.46 mm): Horizontal Wire, length 5.38 mm
[endpoint_off_grid]: Symbol pin or wire end off connection grid
    ; warning
    @(326.92 mm, 166.00 mm): Horizontal Wire, length 4.00 mm
[endpoint_off_grid]: Symbol pin or wire end off connection grid
    ; warning
    @(326.92 mm, 168.54 mm): Horizontal Wire, length 4.00 mm
[endpoint_off_grid]: Symbol pin or wire end off connection grid
    ; warning
    @(326.92 mm, 170.38 mm): Horizontal Wire, length 4.00 mm
[endpoint_off_grid]: Symbol pin or wire end off connection grid
    ; warning
    @(319.62 mm, 184.54 mm): Horizontal Wire, length 5.38 mm
[endpoint_off_grid]: Symbol pin or wire end off connection grid
    ; warning
    @(326.92 mm, 172.92 mm): Horizontal Wire, length 4.00 mm
[endpoint_off_grid]: Symbol pin or wire end off connection grid
    ; warning
    @(326.92 mm, 172.92 mm): Symbol J304 Pin 1 [Pin_1, Passive, Line]
[endpoint_off_grid]: Symbol pin or wire end off connection grid
    ; warning
    @(326.92 mm, 175.46 mm): Horizontal Wire, length 4.00 mm
[endpoint_off_grid]: Symbol pin or wire end off connection grid
    ; warning
    @(326.92 mm, 178.00 mm): Horizontal Wire, length 4.00 mm
[endpoint_off_grid]: Symbol pin or wire end off connection grid
    ; warning
    @(326.92 mm, 180.54 mm): Horizontal Wire, length 4.00 mm
[endpoint_off_grid]: Symbol pin or wire end off connection grid
    ; warning
    @(346.92 mm, 150.00 mm): Horizontal Wire, length 5.92 mm
[endpoint_off_grid]: Symbol pin or wire end off connection grid
    ; warning
    @(352.00 mm, 146.19 mm): Symbol C401 Pin 1 [Passive, Line]
[endpoint_off_grid]: Symbol pin or wire end off connection grid
    ; warning
    @(357.08 mm, 150.00 mm): Horizontal Wire, length 5.92 mm
[endpoint_off_grid]: Symbol pin or wire end off connection grid
    ; warning
    @(359.92 mm, 152.73 mm): Horizontal Wire, length 4.00 mm
[endpoint_off_grid]: Symbol pin or wire end off connection grid
    ; warning
    @(359.92 mm, 154.00 mm): Symbol J400 Pin 1 [Pin_1, Passive, Line]
[endpoint_off_grid]: Symbol pin or wire end off connection grid
    ; warning
    @(359.92 mm, 155.27 mm): Horizontal Wire, length 4.00 mm
[endpoint_off_grid]: Symbol pin or wire end off connection grid
    ; warning
    @(359.92 mm, 168.92 mm): Horizontal Wire, length 4.00 mm
[endpoint_off_grid]: Symbol pin or wire end off connection grid
    ; warning
    @(359.92 mm, 171.46 mm): Symbol J401 Pin 1 [Pin_1, Passive, Line]
[endpoint_off_grid]: Symbol pin or wire end off connection grid
    ; warning
    @(359.92 mm, 171.46 mm): Horizontal Wire, length 4.00 mm
[endpoint_off_grid]: Symbol pin or wire end off connection grid
    ; warning
    @(359.92 mm, 174.00 mm): Horizontal Wire, length 4.00 mm
[no_connect_connected]: A pin with a "no connection" flag is connected
    ; warning
    @(359.92 mm, 174.00 mm): Symbol J401 Pin 2 [Pin_2, Passive, Line]
    @(357.08 mm, 150.00 mm): No Connect
[endpoint_off_grid]: Symbol pin or wire end off connection grid
    ; warning
    @(359.92 mm, 176.54 mm): Horizontal Wire, length 4.00 mm

 ** ERC messages: 294  Errors 26  Warnings 268
