ERC report (2026-03-02T22:14:06-0500, Encoding UTF8)

***** Sheet /
[pin_not_connected]: Pin not connected
    ; error
    @(44.45 mm, 54.61 mm): Symbol SW2 Pin 2 [2, Passive, Line]
[pin_not_connected]: Pin not connected
    ; error
    @(44.45 mm, 74.93 mm): Symbol SW7 Pin 2 [2, Passive, Line]
[pin_not_connected]: Pin not connected
    ; error
    @(80.01 mm, 54.61 mm): Symbol SW3 Pin 2 [2, Passive, Line]
[pin_not_connected]: Pin not connected
    ; error
    @(44.45 mm, 95.25 mm): Symbol SW12 Pin 2 [2, Passive, Line]
[pin_not_connected]: Pin not connected
    ; error
    @(80.01 mm, 74.93 mm): Symbol SW8 Pin 2 [2, Passive, Line]
[pin_not_connected]: Pin not connected
    ; error
    @(44.45 mm, 115.57 mm): Symbol SW17 Pin 2 [2, Passive, Line]
[pin_not_connected]: Pin not connected
    ; error
    @(80.01 mm, 95.25 mm): Symbol SW13 Pin 2 [2, Passive, Line]
[pin_not_connected]: Pin not connected
    ; error
    @(115.57 mm, 54.61 mm): Symbol SW4 Pin 2 [2, Passive, Line]
[pin_not_connected]: Pin not connected
    ; error
    @(115.57 mm, 74.93 mm): Symbol SW9 Pin 2 [2, Passive, Line]
[pin_not_connected]: Pin not connected
    ; error
    @(80.01 mm, 115.57 mm): Symbol SW18 Pin 2 [2, Passive, Line]
[pin_not_connected]: Pin not connected
    ; error
    @(44.45 mm, 134.62 mm): Symbol SW22 Pin 2 [2, Passive, Line]
[pin_not_connected]: Pin not connected
    ; error
    @(115.57 mm, 95.25 mm): Symbol SW14 Pin 2 [2, Passive, Line]
[pin_not_connected]: Pin not connected
    ; error
    @(80.01 mm, 134.62 mm): Symbol SW23 Pin 2 [2, Passive, Line]
[pin_not_connected]: Pin not connected
    ; error
    @(149.86 mm, 54.61 mm): Symbol SW5 Pin 2 [2, Passive, Line]
[pin_not_connected]: Pin not connected
    ; error
    @(115.57 mm, 115.57 mm): Symbol SW19 Pin 2 [2, Passive, Line]
[pin_not_connected]: Pin not connected
    ; error
    @(149.86 mm, 74.93 mm): Symbol SW10 Pin 2 [2, Passive, Line]
[pin_not_connected]: Pin not connected
    ; error
    @(115.57 mm, 134.62 mm): Symbol SW24 Pin 2 [2, Passive, Line]
[pin_not_connected]: Pin not connected
    ; error
    @(149.86 mm, 95.25 mm): Symbol SW15 Pin 2 [2, Passive, Line]
[pin_not_connected]: Pin not connected
    ; error
    @(149.86 mm, 115.57 mm): Symbol SW20 Pin 2 [2, Passive, Line]
[pin_not_connected]: Pin not connected
    ; error
    @(185.42 mm, 54.61 mm): Symbol SW6 Pin 2 [2, Passive, Line]
[pin_not_connected]: Pin not connected
    ; error
    @(185.42 mm, 74.93 mm): Symbol SW11 Pin 2 [2, Passive, Line]
[pin_not_connected]: Pin not connected
    ; error
    @(149.86 mm, 134.62 mm): Symbol SW25 Pin 2 [2, Passive, Line]
[pin_not_connected]: Pin not connected
    ; error
    @(185.42 mm, 95.25 mm): Symbol SW16 Pin 2 [2, Passive, Line]
[pin_not_connected]: Pin not connected
    ; error
    @(185.42 mm, 115.57 mm): Symbol SW21 Pin 2 [2, Passive, Line]
[pin_not_connected]: Pin not connected
    ; error
    @(185.42 mm, 134.62 mm): Symbol SW26 Pin 2 [2, Passive, Line]
[pin_not_connected]: Pin not connected
    ; error
    @(284.48 mm, 88.90 mm): Symbol U901A Pin 12 [Pin_12, Passive, Line]
[pin_not_connected]: Pin not connected
    ; error
    @(284.48 mm, 101.60 mm): Symbol J201 Pin 1 [Pin_1, Passive, Line]
[pin_not_connected]: Pin not connected
    ; error
    @(284.48 mm, 104.14 mm): Symbol J201 Pin 2 [Pin_2, Passive, Line]
[pin_not_connected]: Pin not connected
    ; error
    @(284.48 mm, 106.68 mm): Symbol J201 Pin 3 [Pin_3, Passive, Line]
[pin_not_connected]: Pin not connected
    ; error
    @(284.48 mm, 113.03 mm): Symbol J202 Pin 1 [Pin_1, Passive, Line]
[pin_not_connected]: Pin not connected
    ; error
    @(284.48 mm, 115.57 mm): Symbol J202 Pin 2 [Pin_2, Passive, Line]
[pin_not_connected]: Pin not connected
    ; error
    @(284.48 mm, 118.11 mm): Symbol J202 Pin 3 [Pin_3, Passive, Line]
[pin_not_connected]: Pin not connected
    ; error
    @(292.10 mm, 142.24 mm): Symbol R408 Pin 1 [Passive, Line]
[pin_not_connected]: Pin not connected
    ; error
    @(292.10 mm, 149.86 mm): Symbol R408 Pin 2 [Passive, Line]
[pin_not_connected]: Pin not connected
    ; error
    @(326.39 mm, 88.90 mm): Symbol U901B Pin 12 [Pin_12, Passive, Line]
[pin_not_connected]: Pin not connected
    ; error
    @(312.42 mm, 146.05 mm): Symbol R401 Pin 1 [Passive, Line]
[pin_not_connected]: Pin not connected
    ; error
    @(312.42 mm, 153.67 mm): Symbol R401 Pin 2 [Passive, Line]
[pin_not_connected]: Pin not connected
    ; error
    @(326.39 mm, 132.08 mm): Symbol J301 Pin 1 [Pin_1, Passive, Line]
[pin_not_connected]: Pin not connected
    ; error
    @(326.39 mm, 134.62 mm): Symbol J301 Pin 2 [Pin_2, Passive, Line]
[pin_not_connected]: Pin not connected
    ; error
    @(326.39 mm, 137.16 mm): Symbol J301 Pin 3 [Pin_3, Passive, Line]
[pin_not_connected]: Pin not connected
    ; error
    @(326.39 mm, 158.75 mm): Symbol J302 Pin 4 [Pin_4, Passive, Line]
[pin_not_connected]: Pin not connected
    ; error
    @(326.39 mm, 171.45 mm): Symbol J303 Pin 4 [Pin_4, Passive, Line]
[pin_not_connected]: Pin not connected
    ; error
    @(326.39 mm, 182.88 mm): Symbol J304 Pin 5 [Pin_5, Passive, Line]
[pin_not_connected]: Pin not connected
    ; error
    @(351.79 mm, 146.05 mm): Symbol C401 Pin 1 [Passive, Line]
[pin_not_connected]: Pin not connected
    ; error
    @(351.79 mm, 153.67 mm): Symbol C401 Pin 2 [Passive, Line]
[pin_not_connected]: Pin not connected
    ; error
    @(359.41 mm, 153.67 mm): Symbol J400 Pin 1 [Pin_1, Passive, Line]
[pin_not_connected]: Pin not connected
    ; error
    @(359.41 mm, 156.21 mm): Symbol J400 Pin 2 [Pin_2, Passive, Line]
[multiple_net_names]: Both COL0 and ROW1 are attached to the same items; COL0 will be used in the netlist
    ; warning
    @(69.85 mm, 35.56 mm): Global Label 'COL0'
    @(97.79 mm, 54.61 mm): Global Label 'ROW1'

 ** ERC messages: 48  Errors 47  Warnings 1
