ERC report (2026-03-02T22:12:52-0500, Encoding UTF8)

***** Sheet /
[wire_dangling]: Wires not connected to anything
    ; error
    @(284.48 mm, 130.81 mm): Horizontal Wire, length 3.81 mm
[pin_not_connected]: Pin not connected
    ; error
    @(326.39 mm, 73.66 mm): Symbol U901B Pin 6 [Pin_6, Passive, Line]
[wire_dangling]: Wires not connected to anything
    ; error
    @(326.39 mm, 73.66 mm): Horizontal Wire, length 3.81 mm
[pin_not_connected]: Pin not connected
    ; error
    @(326.39 mm, 76.20 mm): Symbol U901B Pin 7 [Pin_7, Passive, Line]
[wire_dangling]: Wires not connected to anything
    ; error
    @(326.39 mm, 76.20 mm): Horizontal Wire, length 3.81 mm
[multiple_net_names]: Both COL0 and ROW1 are attached to the same items; COL0 will be used in the netlist
    ; warning
    @(69.85 mm, 35.56 mm): Global Label 'COL0'
    @(27.94 mm, 54.61 mm): Global Label 'ROW1'
[no_connect_dangling]: Unconnected "no connection" flag
    ; warning
    @(280.67 mm, 130.81 mm): No Connect
[global_label_dangling]: Global label not connected anywhere else in the schematic
    ; warning
    @(280.67 mm, 133.35 mm): Global Label 'GND'
[unconnected_wire_endpoint]: Unconnected wire endpoint
    ; warning
    @(284.48 mm, 130.81 mm): Horizontal Wire, length 3.81 mm
[no_connect_dangling]: Unconnected "no connection" flag
    ; warning
    @(284.48 mm, 149.86 mm): No Connect
[unconnected_wire_endpoint]: Unconnected wire endpoint
    ; warning
    @(284.48 mm, 152.40 mm): Horizontal Wire, length 3.81 mm
[unconnected_wire_endpoint]: Unconnected wire endpoint
    ; warning
    @(326.39 mm, 73.66 mm): Horizontal Wire, length 3.81 mm
[unconnected_wire_endpoint]: Unconnected wire endpoint
    ; warning
    @(326.39 mm, 76.20 mm): Horizontal Wire, length 3.81 mm
[no_connect_dangling]: Unconnected "no connection" flag
    ; warning
    @(298.45 mm, 146.05 mm): No Connect
[global_label_dangling]: Global label not connected anywhere else in the schematic
    ; warning
    @(322.58 mm, 135.89 mm): Global Label '5V_SYS'
[no_connect_dangling]: Unconnected "no connection" flag
    ; warning
    @(322.58 mm, 161.29 mm): No Connect
[global_label_dangling]: Global label not connected anywhere else in the schematic
    ; warning
    @(322.58 mm, 163.83 mm): Global Label 'LCD_RST'
[no_connect_dangling]: Unconnected "no connection" flag
    ; warning
    @(326.39 mm, 170.18 mm): No Connect

 ** ERC messages: 18  Errors 5  Warnings 13
