** Drc report for Macropad.kicad_pcb **
** Created on 2026-03-01T20:43:42-0500 **

** Found 10 DRC violations **
[track_dangling]: Track has unconnected end
    Local override; warning
    @(80.2500 mm, -21.7300 mm): Track [IR_TX] on F.Cu, length 14.8868 mm
[track_dangling]: Track has unconnected end
    Local override; warning
    @(88.8500 mm, 12.0000 mm): Track [3V3] on F.Cu, length 66.3099 mm
[track_dangling]: Track has unconnected end
    Local override; warning
    @(98.2500 mm, -28.0000 mm): Track [GND] on F.Cu, length 6.0000 mm
[track_dangling]: Track has unconnected end
    Local override; warning
    @(22.0000 mm, -30.0000 mm): Track [BAT+] on F.Cu, length 91.2414 mm
[track_dangling]: Track has unconnected end
    Local override; warning
    @(88.8500 mm, 14.3000 mm): Track [BAT+] on F.Cu, length 66.3099 mm
[track_dangling]: Track has unconnected end
    Local override; warning
    @(26.0000 mm, -30.0000 mm): Track [BOOST_SW] on F.Cu, length 91.2414 mm
[track_dangling]: Track has unconnected end
    Local override; warning
    @(92.0000 mm, -23.1800 mm): Track [LCD_CS] on F.Cu, length 45.6619 mm
[track_dangling]: Track has unconnected end
    Local override; warning
    @(93.0000 mm, -24.4500 mm): Track [LCD_DC] on F.Cu, length 48.6549 mm
[track_dangling]: Track has unconnected end
    Local override; warning
    @(94.0000 mm, -25.7200 mm): Track [LCD_RST] on F.Cu, length 51.7482 mm
[track_dangling]: Track has unconnected end
    Local override; warning
    @(95.0000 mm, -26.9900 mm): Track [LCD_BL] on F.Cu, length 54.9248 mm

** Found 13 unconnected pads **
[unconnected_items]: Missing connection between items
    Local override; error
    @(104.0000 mm, -24.5400 mm): PTH pad 3 [IR_TX] of J202
    @(80.2500 mm, -21.7300 mm): Track [IR_TX] on F.Cu, length 14.8868 mm
[unconnected_items]: Missing connection between items
    Local override; error
    @(70.2500 mm, -11.5700 mm): Track [3V3] on B.Cu, length 31.2559 mm
    @(101.1500 mm, -34.0000 mm): Pad 2 [3V3] of U402 on F.Cu
[unconnected_items]: Missing connection between items
    Local override; error
    @(101.1500 mm, -34.0000 mm): Pad 2 [3V3] of U402 on F.Cu
    @(94.8500 mm, -34.0000 mm): Pad 2 [3V3] of U402 on F.Cu
[unconnected_items]: Missing connection between items
    Local override; error
    @(104.0000 mm, -19.4600 mm): PTH pad 1 [5V] of J202
    @(92.2500 mm, -25.4600 mm): Track [5V] on F.Cu, length 18.3557 mm
[unconnected_items]: Missing connection between items
    Local override; error
    @(94.8500 mm, -36.3000 mm): Pad 1 [GND] of U402 on F.Cu
    @(98.2500 mm, -28.0000 mm): Track [GND] on F.Cu, length 6.0000 mm
[unconnected_items]: Missing connection between items
    Local override; error
    @(104.0000 mm, -22.0000 mm): PTH pad 2 [GND] of J202
    @(98.2500 mm, -28.0000 mm): Track [GND] on F.Cu, length 26.1507 mm
[unconnected_items]: Missing connection between items
    Local override; error
    @(12.0000 mm, -38.0000 mm): Track [BAT+] on F.Cu, length 47.1281 mm
    @(4.0000 mm, -38.0000 mm): Pad 1 [BAT+] of L401 on F.Cu
[unconnected_items]: Missing connection between items
    Local override; error
    @(98.1375 mm, 12.0000 mm): Track [BAT+] on F.Cu, length 63.5610 mm
    @(94.8500 mm, -31.7000 mm): Pad 3 [BAT+] of U402 on F.Cu
[unconnected_items]: Missing connection between items
    Local override; error
    @(26.0000 mm, -30.0000 mm): Track [BOOST_SW] on F.Cu, length 91.2414 mm
    @(8.0000 mm, -38.0000 mm): Pad 2 [BOOST_SW] of L401 on F.Cu
[unconnected_items]: Missing connection between items
    Local override; error
    @(92.0000 mm, -23.1800 mm): Track [LCD_CS] on F.Cu, length 45.6619 mm
    @(-2.0000 mm, -26.8100 mm): PTH pad 1 [LCD_CS] of J303
[unconnected_items]: Missing connection between items
    Local override; error
    @(93.0000 mm, -24.4500 mm): Track [LCD_DC] on F.Cu, length 48.6549 mm
    @(-2.0000 mm, -24.2700 mm): PTH pad 2 [LCD_DC] of J303
[unconnected_items]: Missing connection between items
    Local override; error
    @(94.0000 mm, -25.7200 mm): Track [LCD_RST] on F.Cu, length 51.7482 mm
    @(-2.0000 mm, -21.7300 mm): PTH pad 3 [LCD_RST] of J303
[unconnected_items]: Missing connection between items
    Local override; error
    @(95.0000 mm, -26.9900 mm): Track [LCD_BL] on F.Cu, length 54.9248 mm
    @(-2.0000 mm, -19.1900 mm): PTH pad 4 [LCD_BL] of J303

** Found 0 Footprint errors **

** End of Report **
